[INFO] [launch]: All log files can be found below /home/saran/.ros/log/2026-09-19-00-36-32-514612-aorus-91947
[INFO] [launch]: Default logging verbosity is set to INFO
[INFO] [robot_state_publisher-1]: process started with pid [91957]
[INFO] [joint_state_publisher-2]: process started with pid [91959]
[INFO] [gzserver-3]: process started with pid [91961]
[INFO] [spawn_entity.py-4]: process started with pid [91963]
[robot_state_publisher-1] Warning: link 'laser_center_link' material 'yellow' undefined.
[robot_state_publisher-1]          at line 84 in ./urdf_parser/src/model.cpp
[robot_state_publisher-1] Warning: link 'laser_center_link' material 'yellow' undefined.
[robot_state_publisher-1]          at line 84 in ./urdf_parser/src/model.cpp
[robot_state_publisher-1] [WARN] [1789770993.474898267] [kdl_parser]: The root link base_link has an inertia specified in the URDF, but KDL does not support a root link with an inertia.  As a workaround, you can add an extra dummy link to your URDF.
[robot_state_publisher-1] [INFO] [1789770993.474960280] [robot_state_publisher]: got segment base_link
[robot_state_publisher-1] [INFO] [1789770993.475008329] [robot_state_publisher]: got segment front_left_wheel_1
[robot_state_publisher-1] [INFO] [1789770993.475011998] [robot_state_publisher]: got segment front_lidar_1
[robot_state_publisher-1] [INFO] [1789770993.475014536] [robot_state_publisher]: got segment front_right_wheel_1
[robot_state_publisher-1] [INFO] [1789770993.475017014] [robot_state_publisher]: got segment imu_link
[robot_state_publisher-1] [INFO] [1789770993.475019698] [robot_state_publisher]: got segment laser_center_link
[robot_state_publisher-1] [INFO] [1789770993.475022342] [robot_state_publisher]: got segment real_sense_1
[robot_state_publisher-1] [INFO] [1789770993.475025062] [robot_state_publisher]: got segment rear_left_wheel_1
[robot_state_publisher-1] [INFO] [1789770993.475027626] [robot_state_publisher]: got segment rear_lidar_1
[robot_state_publisher-1] [INFO] [1789770993.475030168] [robot_state_publisher]: got segment rear_right_wheel_1
[joint_state_publisher-2] [INFO] [1789770993.701382844] [joint_state_publisher]: Waiting for robot_description to be published on the robot_description topic...
[spawn_entity.py-4] [INFO] [1789770993.790239349] [spawn_entity]: Spawn Entity started
[spawn_entity.py-4] [INFO] [1789770993.790538246] [spawn_entity]: Loading entity published on topic robot_description
[spawn_entity.py-4] [INFO] [1789770993.791668820] [spawn_entity]: Waiting for entity xml on robot_description
[spawn_entity.py-4] [INFO] [1789770993.802468497] [spawn_entity]: Waiting for service /spawn_entity, timeout = 30
[spawn_entity.py-4] [INFO] [1789770993.802753555] [spawn_entity]: Waiting for service /spawn_entity
[spawn_entity.py-4] [INFO] [1789770994.807318884] [spawn_entity]: Calling service /spawn_entity
[gzserver-3] Warning: link 'laser_center_link' material 'yellow' undefined.
[gzserver-3]          at line 84 in ./urdf_parser/src/model.cpp
[gzserver-3] Warning: link 'laser_center_link' material 'yellow' undefined.
[gzserver-3]          at line 84 in ./urdf_parser/src/model.cpp
[spawn_entity.py-4] [INFO] [1789770995.179886093] [spawn_entity]: Spawn status: SpawnEntity: Successfully spawned entity [susag_updated_model]
[INFO] [spawn_entity.py-4]: process has finished cleanly [pid 91963]
[gzserver-3] [INFO] [1789770995.524574769] [susag.depth_camera_plugin]: Publishing camera info to [/susag/depth_camera/camera_info]
[gzserver-3] [INFO] [1789770995.525366474] [susag.depth_camera_plugin]: Publishing depth camera info to [/susag/depth_camera/depth/camera_info]
[gzserver-3] [INFO] [1789770995.525621544] [susag.depth_camera_plugin]: Publishing pointcloud to [/susag/depth_camera/points]
[gzserver-3] [INFO] [1789770995.607172591] [diff_drive]: Wheel pair 1 separation set to [0.740000m]
[gzserver-3] [INFO] [1789770995.607209195] [diff_drive]: Wheel pair 2 separation set to [0.740000m]
[gzserver-3] [INFO] [1789770995.607218464] [diff_drive]: Wheel pair 1 diameter set to [0.330000m]
[gzserver-3] [INFO] [1789770995.607223094] [diff_drive]: Wheel pair 2 diameter set to [0.330000m]
[gzserver-3] [INFO] [1789770995.607874378] [diff_drive]: Subscribed to [/cmd_vel]
[gzserver-3] [INFO] [1789770995.609244638] [diff_drive]: Advertise odometry on [/odom]
[gzserver-3] [INFO] [1789770995.610790055] [diff_drive]: Publishing odom transforms between [odom] and [base_link]
[gzserver-3] [INFO] [1789770995.610807812] [diff_drive]: Publishing wheel transforms between [base_link], [front_wheel_left_joint] and [front_wheel_right_joint]
[gzserver-3] [INFO] [1789770995.610813250] [diff_drive]: Publishing wheel transforms between [base_link], [rear_wheel_left_joint] and [rear_wheel_right_joint]
[WARNING] [launch]: user interrupted with ctrl-c (SIGINT)
[robot_state_publisher-1] [INFO] [1789771133.182744243] [rclcpp]: signal_handler(SIGINT/SIGTERM)
[INFO] [robot_state_publisher-1]: process has finished cleanly [pid 91957]
[INFO] [joint_state_publisher-2]: process has finished cleanly [pid 91959]
[INFO] [gzserver-3]: process has finished cleanly [pid 91961]
