[INFO] [launch]: All log files can be found below /home/saran/.ros/log/2026-09-19-00-27-02-642580-aorus-87345
[INFO] [launch]: Default logging verbosity is set to INFO
[INFO] [robot_state_publisher-1]: process started with pid [87346]
[INFO] [joint_state_publisher-2]: process started with pid [87348]
[INFO] [gzserver-3]: process started with pid [87350]
[INFO] [spawn_entity.py-4]: process started with pid [87352]
[robot_state_publisher-1] Warning: link 'laser_center_link' material 'yellow' undefined.
[robot_state_publisher-1]          at line 84 in ./urdf_parser/src/model.cpp
[robot_state_publisher-1] Warning: link 'laser_center_link' material 'yellow' undefined.
[robot_state_publisher-1]          at line 84 in ./urdf_parser/src/model.cpp
[robot_state_publisher-1] [WARN] [1789770423.691086490] [kdl_parser]: The root link base_link has an inertia specified in the URDF, but KDL does not support a root link with an inertia.  As a workaround, you can add an extra dummy link to your URDF.
[robot_state_publisher-1] [INFO] [1789770423.691158809] [robot_state_publisher]: got segment base_link
[robot_state_publisher-1] [INFO] [1789770423.691207724] [robot_state_publisher]: got segment front_left_wheel_1
[robot_state_publisher-1] [INFO] [1789770423.691211908] [robot_state_publisher]: got segment front_lidar_1
[robot_state_publisher-1] [INFO] [1789770423.691214620] [robot_state_publisher]: got segment front_right_wheel_1
[robot_state_publisher-1] [INFO] [1789770423.691217105] [robot_state_publisher]: got segment imu_link
[robot_state_publisher-1] [INFO] [1789770423.691219652] [robot_state_publisher]: got segment laser_center_link
[robot_state_publisher-1] [INFO] [1789770423.691229494] [robot_state_publisher]: got segment real_sense_1
[robot_state_publisher-1] [INFO] [1789770423.691231988] [robot_state_publisher]: got segment rear_left_wheel_1
[robot_state_publisher-1] [INFO] [1789770423.691234387] [robot_state_publisher]: got segment rear_lidar_1
[robot_state_publisher-1] [INFO] [1789770423.691236836] [robot_state_publisher]: got segment rear_right_wheel_1
[joint_state_publisher-2] [INFO] [1789770423.945055408] [joint_state_publisher]: Waiting for robot_description to be published on the robot_description topic...
[spawn_entity.py-4] [INFO] [1789770423.971157812] [spawn_entity]: Spawn Entity started
[spawn_entity.py-4] [INFO] [1789770423.971361908] [spawn_entity]: Loading entity published on topic robot_description
[spawn_entity.py-4] [INFO] [1789770423.972376615] [spawn_entity]: Waiting for entity xml on robot_description
[spawn_entity.py-4] [INFO] [1789770423.983390825] [spawn_entity]: Waiting for service /spawn_entity, timeout = 30
[spawn_entity.py-4] [INFO] [1789770423.983579387] [spawn_entity]: Waiting for service /spawn_entity
[spawn_entity.py-4] [INFO] [1789770425.237817162] [spawn_entity]: Calling service /spawn_entity
[gzserver-3] Warning: link 'laser_center_link' material 'yellow' undefined.
[gzserver-3]          at line 84 in ./urdf_parser/src/model.cpp
[gzserver-3] Warning: link 'laser_center_link' material 'yellow' undefined.
[gzserver-3]          at line 84 in ./urdf_parser/src/model.cpp
[spawn_entity.py-4] [INFO] [1789770425.744724707] [spawn_entity]: Spawn status: SpawnEntity: Successfully spawned entity [susag_updated_model]
[INFO] [spawn_entity.py-4]: process has finished cleanly [pid 87352]
[gzserver-3] [INFO] [1789770425.890316689] [susag.depth_camera_plugin]: Publishing camera info to [/susag/depth_camera/camera_info]
[gzserver-3] [INFO] [1789770425.891184747] [susag.depth_camera_plugin]: Publishing depth camera info to [/susag/depth_camera/depth/camera_info]
[gzserver-3] [INFO] [1789770425.891464185] [susag.depth_camera_plugin]: Publishing pointcloud to [/susag/depth_camera/points]
[gzserver-3] [INFO] [1789770425.970719368] [diff_drive]: Wheel pair 1 separation set to [0.740000m]
[gzserver-3] [INFO] [1789770425.970749986] [diff_drive]: Wheel pair 2 separation set to [0.740000m]
[gzserver-3] [INFO] [1789770425.970755552] [diff_drive]: Wheel pair 1 diameter set to [0.330000m]
[gzserver-3] [INFO] [1789770425.970759919] [diff_drive]: Wheel pair 2 diameter set to [0.330000m]
[gzserver-3] [INFO] [1789770425.971310895] [diff_drive]: Subscribed to [/cmd_vel]
[gzserver-3] [INFO] [1789770425.972561977] [diff_drive]: Advertise odometry on [/odom]
[gzserver-3] [INFO] [1789770425.974028149] [diff_drive]: Publishing odom transforms between [odom] and [base_link]
[gzserver-3] [INFO] [1789770425.974046464] [diff_drive]: Publishing wheel transforms between [base_link], [front_wheel_left_joint] and [front_wheel_right_joint]
[gzserver-3] [INFO] [1789770425.974051670] [diff_drive]: Publishing wheel transforms between [base_link], [rear_wheel_left_joint] and [rear_wheel_right_joint]
[WARNING] [launch]: user interrupted with ctrl-c (SIGINT)
[robot_state_publisher-1] [INFO] [1789770563.758976720] [rclcpp]: signal_handler(SIGINT/SIGTERM)
[INFO] [robot_state_publisher-1]: process has finished cleanly [pid 87346]
[INFO] [joint_state_publisher-2]: process has finished cleanly [pid 87348]
[INFO] [gzserver-3]: process has finished cleanly [pid 87350]
