[INFO] [launch]: All log files can be found below /home/saran/.ros/log/2026-09-19-00-51-47-045495-aorus-100811
[INFO] [launch]: Default logging verbosity is set to INFO
[INFO] [robot_state_publisher-1]: process started with pid [100812]
[INFO] [joint_state_publisher-2]: process started with pid [100814]
[INFO] [gzserver-3]: process started with pid [100816]
[INFO] [spawn_entity.py-4]: process started with pid [100818]
[robot_state_publisher-1] Warning: link 'laser_center_link' material 'yellow' undefined.
[robot_state_publisher-1]          at line 84 in ./urdf_parser/src/model.cpp
[robot_state_publisher-1] Warning: link 'laser_center_link' material 'yellow' undefined.
[robot_state_publisher-1]          at line 84 in ./urdf_parser/src/model.cpp
[robot_state_publisher-1] [WARN] [1789771908.003973927] [kdl_parser]: The root link base_link has an inertia specified in the URDF, but KDL does not support a root link with an inertia.  As a workaround, you can add an extra dummy link to your URDF.
[robot_state_publisher-1] [INFO] [1789771908.004038148] [robot_state_publisher]: got segment base_link
[robot_state_publisher-1] [INFO] [1789771908.004086962] [robot_state_publisher]: got segment front_left_wheel_1
[robot_state_publisher-1] [INFO] [1789771908.004090412] [robot_state_publisher]: got segment front_lidar_1
[robot_state_publisher-1] [INFO] [1789771908.004093118] [robot_state_publisher]: got segment front_right_wheel_1
[robot_state_publisher-1] [INFO] [1789771908.004095647] [robot_state_publisher]: got segment imu_link
[robot_state_publisher-1] [INFO] [1789771908.004098226] [robot_state_publisher]: got segment laser_center_link
[robot_state_publisher-1] [INFO] [1789771908.004100706] [robot_state_publisher]: got segment real_sense_1
[robot_state_publisher-1] [INFO] [1789771908.004103210] [robot_state_publisher]: got segment rear_left_wheel_1
[robot_state_publisher-1] [INFO] [1789771908.004105644] [robot_state_publisher]: got segment rear_lidar_1
[robot_state_publisher-1] [INFO] [1789771908.004108142] [robot_state_publisher]: got segment rear_right_wheel_1
[joint_state_publisher-2] [INFO] [1789771908.268274426] [joint_state_publisher]: Waiting for robot_description to be published on the robot_description topic...
[spawn_entity.py-4] [INFO] [1789771908.303586220] [spawn_entity]: Spawn Entity started
[spawn_entity.py-4] [INFO] [1789771908.303782112] [spawn_entity]: Loading entity published on topic robot_description
[spawn_entity.py-4] [INFO] [1789771908.304770000] [spawn_entity]: Waiting for entity xml on robot_description
[spawn_entity.py-4] [INFO] [1789771908.315759916] [spawn_entity]: Waiting for service /spawn_entity, timeout = 30
[spawn_entity.py-4] [INFO] [1789771908.315933326] [spawn_entity]: Waiting for service /spawn_entity
[spawn_entity.py-4] [INFO] [1789771909.320164309] [spawn_entity]: Calling service /spawn_entity
[gzserver-3] Warning: link 'laser_center_link' material 'yellow' undefined.
[gzserver-3]          at line 84 in ./urdf_parser/src/model.cpp
[gzserver-3] Warning: link 'laser_center_link' material 'yellow' undefined.
[gzserver-3]          at line 84 in ./urdf_parser/src/model.cpp
[spawn_entity.py-4] [INFO] [1789771909.707838738] [spawn_entity]: Spawn status: SpawnEntity: Successfully spawned entity [susag_updated_model]
[INFO] [spawn_entity.py-4]: process has finished cleanly [pid 100818]
[gzserver-3] [INFO] [1789771910.059242294] [susag.depth_camera_plugin]: Publishing camera info to [/susag/depth_camera/camera_info]
[gzserver-3] [INFO] [1789771910.060073039] [susag.depth_camera_plugin]: Publishing depth camera info to [/susag/depth_camera/depth/camera_info]
[gzserver-3] [INFO] [1789771910.060323151] [susag.depth_camera_plugin]: Publishing pointcloud to [/susag/depth_camera/points]
[gzserver-3] [INFO] [1789771910.134913436] [diff_drive]: Wheel pair 1 separation set to [0.740000m]
[gzserver-3] [INFO] [1789771910.134940769] [diff_drive]: Wheel pair 2 separation set to [0.740000m]
[gzserver-3] [INFO] [1789771910.134946443] [diff_drive]: Wheel pair 1 diameter set to [0.330000m]
[gzserver-3] [INFO] [1789771910.134950799] [diff_drive]: Wheel pair 2 diameter set to [0.330000m]
[gzserver-3] [INFO] [1789771910.135522281] [diff_drive]: Subscribed to [/cmd_vel]
[gzserver-3] [INFO] [1789771910.136731430] [diff_drive]: Advertise odometry on [/odom]
[gzserver-3] [INFO] [1789771910.138116979] [diff_drive]: Publishing odom transforms between [odom] and [base_link]
[gzserver-3] [INFO] [1789771910.138132340] [diff_drive]: Publishing wheel transforms between [base_link], [front_wheel_left_joint] and [front_wheel_right_joint]
[gzserver-3] [INFO] [1789771910.138137307] [diff_drive]: Publishing wheel transforms between [base_link], [rear_wheel_left_joint] and [rear_wheel_right_joint]
[WARNING] [launch]: user interrupted with ctrl-c (SIGINT)
[robot_state_publisher-1] [INFO] [1789772047.632457827] [rclcpp]: signal_handler(SIGINT/SIGTERM)
[INFO] [robot_state_publisher-1]: process has finished cleanly [pid 100812]
[INFO] [joint_state_publisher-2]: process has finished cleanly [pid 100814]
[INFO] [gzserver-3]: process has finished cleanly [pid 100816]
