[INFO] [launch]: All log files can be found below /home/saran/.ros/log/2026-09-19-00-49-03-249293-aorus-97977
[INFO] [launch]: Default logging verbosity is set to INFO
[INFO] [robot_state_publisher-1]: process started with pid [97978]
[INFO] [joint_state_publisher-2]: process started with pid [97980]
[INFO] [gzserver-3]: process started with pid [97982]
[INFO] [spawn_entity.py-4]: process started with pid [97984]
[robot_state_publisher-1] Warning: link 'laser_center_link' material 'yellow' undefined.
[robot_state_publisher-1]          at line 84 in ./urdf_parser/src/model.cpp
[robot_state_publisher-1] Warning: link 'laser_center_link' material 'yellow' undefined.
[robot_state_publisher-1]          at line 84 in ./urdf_parser/src/model.cpp
[robot_state_publisher-1] [WARN] [1789771744.213074480] [kdl_parser]: The root link base_link has an inertia specified in the URDF, but KDL does not support a root link with an inertia.  As a workaround, you can add an extra dummy link to your URDF.
[robot_state_publisher-1] [INFO] [1789771744.213138514] [robot_state_publisher]: got segment base_link
[robot_state_publisher-1] [INFO] [1789771744.213186097] [robot_state_publisher]: got segment front_left_wheel_1
[robot_state_publisher-1] [INFO] [1789771744.213189634] [robot_state_publisher]: got segment front_lidar_1
[robot_state_publisher-1] [INFO] [1789771744.213192260] [robot_state_publisher]: got segment front_right_wheel_1
[robot_state_publisher-1] [INFO] [1789771744.213194871] [robot_state_publisher]: got segment imu_link
[robot_state_publisher-1] [INFO] [1789771744.213197351] [robot_state_publisher]: got segment laser_center_link
[robot_state_publisher-1] [INFO] [1789771744.213199764] [robot_state_publisher]: got segment real_sense_1
[robot_state_publisher-1] [INFO] [1789771744.213202253] [robot_state_publisher]: got segment rear_left_wheel_1
[robot_state_publisher-1] [INFO] [1789771744.213204738] [robot_state_publisher]: got segment rear_lidar_1
[robot_state_publisher-1] [INFO] [1789771744.213207158] [robot_state_publisher]: got segment rear_right_wheel_1
[joint_state_publisher-2] [INFO] [1789771744.428693499] [joint_state_publisher]: Waiting for robot_description to be published on the robot_description topic...
[spawn_entity.py-4] [INFO] [1789771744.510751129] [spawn_entity]: Spawn Entity started
[spawn_entity.py-4] [INFO] [1789771744.510945369] [spawn_entity]: Loading entity published on topic robot_description
[spawn_entity.py-4] [INFO] [1789771744.511951812] [spawn_entity]: Waiting for entity xml on robot_description
[spawn_entity.py-4] [INFO] [1789771744.522951804] [spawn_entity]: Waiting for service /spawn_entity, timeout = 30
[spawn_entity.py-4] [INFO] [1789771744.523125362] [spawn_entity]: Waiting for service /spawn_entity
[spawn_entity.py-4] [INFO] [1789771745.527513916] [spawn_entity]: Calling service /spawn_entity
[gzserver-3] Warning: link 'laser_center_link' material 'yellow' undefined.
[gzserver-3]          at line 84 in ./urdf_parser/src/model.cpp
[gzserver-3] Warning: link 'laser_center_link' material 'yellow' undefined.
[gzserver-3]          at line 84 in ./urdf_parser/src/model.cpp
[spawn_entity.py-4] [INFO] [1789771745.856581816] [spawn_entity]: Spawn status: SpawnEntity: Successfully spawned entity [susag_updated_model]
[INFO] [spawn_entity.py-4]: process has finished cleanly [pid 97984]
[gzserver-3] [INFO] [1789771746.217717954] [susag.depth_camera_plugin]: Publishing camera info to [/susag/depth_camera/camera_info]
[gzserver-3] [INFO] [1789771746.218553100] [susag.depth_camera_plugin]: Publishing depth camera info to [/susag/depth_camera/depth/camera_info]
[gzserver-3] [INFO] [1789771746.218818509] [susag.depth_camera_plugin]: Publishing pointcloud to [/susag/depth_camera/points]
[gzserver-3] [INFO] [1789771746.285702178] [diff_drive]: Wheel pair 1 separation set to [0.740000m]
[gzserver-3] [INFO] [1789771746.285732990] [diff_drive]: Wheel pair 2 separation set to [0.740000m]
[gzserver-3] [INFO] [1789771746.285739267] [diff_drive]: Wheel pair 1 diameter set to [0.330000m]
[gzserver-3] [INFO] [1789771746.285743961] [diff_drive]: Wheel pair 2 diameter set to [0.330000m]
[gzserver-3] [INFO] [1789771746.286358731] [diff_drive]: Subscribed to [/cmd_vel]
[gzserver-3] [INFO] [1789771746.287675995] [diff_drive]: Advertise odometry on [/odom]
[gzserver-3] [INFO] [1789771746.289090232] [diff_drive]: Publishing odom transforms between [odom] and [base_link]
[gzserver-3] [INFO] [1789771746.289107744] [diff_drive]: Publishing wheel transforms between [base_link], [front_wheel_left_joint] and [front_wheel_right_joint]
[gzserver-3] [INFO] [1789771746.289113099] [diff_drive]: Publishing wheel transforms between [base_link], [rear_wheel_left_joint] and [rear_wheel_right_joint]
[WARNING] [launch]: user interrupted with ctrl-c (SIGINT)
[robot_state_publisher-1] [INFO] [1789771781.032932799] [rclcpp]: signal_handler(SIGINT/SIGTERM)
[INFO] [robot_state_publisher-1]: process has finished cleanly [pid 97978]
[INFO] [joint_state_publisher-2]: process has finished cleanly [pid 97980]
[INFO] [gzserver-3]: process has finished cleanly [pid 97982]
