[INFO] [launch]: All log files can be found below /home/saran/.ros/log/2026-09-19-00-08-24-306220-aorus-65076
[INFO] [launch]: Default logging verbosity is set to INFO
[INFO] [robot_state_publisher-1]: process started with pid [65095]
[INFO] [joint_state_publisher-2]: process started with pid [65097]
[INFO] [gzserver-3]: process started with pid [65099]
[INFO] [spawn_entity.py-4]: process started with pid [65101]
[robot_state_publisher-1] Warning: link 'laser_center_link' material 'yellow' undefined.
[robot_state_publisher-1]          at line 84 in ./urdf_parser/src/model.cpp
[robot_state_publisher-1] Warning: link 'laser_center_link' material 'yellow' undefined.
[robot_state_publisher-1]          at line 84 in ./urdf_parser/src/model.cpp
[robot_state_publisher-1] [WARN] [1789769305.277706296] [kdl_parser]: The root link base_link has an inertia specified in the URDF, but KDL does not support a root link with an inertia.  As a workaround, you can add an extra dummy link to your URDF.
[robot_state_publisher-1] [INFO] [1789769305.277859246] [robot_state_publisher]: got segment base_link
[robot_state_publisher-1] [INFO] [1789769305.278021700] [robot_state_publisher]: got segment front_left_wheel_1
[robot_state_publisher-1] [INFO] [1789769305.278027632] [robot_state_publisher]: got segment front_lidar_1
[robot_state_publisher-1] [INFO] [1789769305.278032088] [robot_state_publisher]: got segment front_right_wheel_1
[robot_state_publisher-1] [INFO] [1789769305.278035859] [robot_state_publisher]: got segment imu_link
[robot_state_publisher-1] [INFO] [1789769305.278039612] [robot_state_publisher]: got segment laser_center_link
[robot_state_publisher-1] [INFO] [1789769305.278043370] [robot_state_publisher]: got segment real_sense_1
[robot_state_publisher-1] [INFO] [1789769305.278046563] [robot_state_publisher]: got segment rear_left_wheel_1
[robot_state_publisher-1] [INFO] [1789769305.278049786] [robot_state_publisher]: got segment rear_lidar_1
[robot_state_publisher-1] [INFO] [1789769305.278053100] [robot_state_publisher]: got segment rear_right_wheel_1
[joint_state_publisher-2] [INFO] [1789769305.611861399] [joint_state_publisher]: Waiting for robot_description to be published on the robot_description topic...
[spawn_entity.py-4] [INFO] [1789769305.645009763] [spawn_entity]: Spawn Entity started
[spawn_entity.py-4] [INFO] [1789769305.645372777] [spawn_entity]: Loading entity published on topic robot_description
[spawn_entity.py-4] [INFO] [1789769305.647818731] [spawn_entity]: Waiting for entity xml on robot_description
[spawn_entity.py-4] [INFO] [1789769305.659777841] [spawn_entity]: Waiting for service /spawn_entity, timeout = 30
[spawn_entity.py-4] [INFO] [1789769305.660047461] [spawn_entity]: Waiting for service /spawn_entity
[spawn_entity.py-4] [INFO] [1789769306.665455369] [spawn_entity]: Calling service /spawn_entity
[gzserver-3] Warning: link 'laser_center_link' material 'yellow' undefined.
[gzserver-3]          at line 84 in ./urdf_parser/src/model.cpp
[gzserver-3] Warning: link 'laser_center_link' material 'yellow' undefined.
[gzserver-3]          at line 84 in ./urdf_parser/src/model.cpp
[spawn_entity.py-4] [INFO] [1789769306.997399161] [spawn_entity]: Spawn status: SpawnEntity: Successfully spawned entity [susag_updated_model]
[INFO] [spawn_entity.py-4]: process has finished cleanly [pid 65101]
[gzserver-3] [INFO] [1789769307.554398881] [susag.depth_camera_plugin]: Publishing camera info to [/susag/depth_camera/camera_info]
[gzserver-3] [INFO] [1789769307.555530432] [susag.depth_camera_plugin]: Publishing depth camera info to [/susag/depth_camera/depth/camera_info]
[gzserver-3] [INFO] [1789769307.555895693] [susag.depth_camera_plugin]: Publishing pointcloud to [/susag/depth_camera/points]
[gzserver-3] [INFO] [1789769307.625654521] [diff_drive]: Wheel pair 1 separation set to [0.740000m]
[gzserver-3] [INFO] [1789769307.625684401] [diff_drive]: Wheel pair 2 separation set to [0.740000m]
[gzserver-3] [INFO] [1789769307.625690769] [diff_drive]: Wheel pair 1 diameter set to [0.330000m]
[gzserver-3] [INFO] [1789769307.625695573] [diff_drive]: Wheel pair 2 diameter set to [0.330000m]
[gzserver-3] [INFO] [1789769307.626365677] [diff_drive]: Subscribed to [/cmd_vel]
[gzserver-3] [INFO] [1789769307.627984268] [diff_drive]: Advertise odometry on [/odom]
[gzserver-3] [INFO] [1789769307.629436633] [diff_drive]: Publishing odom transforms between [odom] and [base_link]
[gzserver-3] [INFO] [1789769307.629454285] [diff_drive]: Publishing wheel transforms between [base_link], [front_wheel_left_joint] and [front_wheel_right_joint]
[gzserver-3] [INFO] [1789769307.629459513] [diff_drive]: Publishing wheel transforms between [base_link], [rear_wheel_left_joint] and [rear_wheel_right_joint]
[WARNING] [launch]: user interrupted with ctrl-c (SIGINT)
[robot_state_publisher-1] [INFO] [1789769342.685801436] [rclcpp]: signal_handler(SIGINT/SIGTERM)
[INFO] [robot_state_publisher-1]: process has finished cleanly [pid 65095]
[INFO] [joint_state_publisher-2]: process has finished cleanly [pid 65097]
[INFO] [gzserver-3]: process has finished cleanly [pid 65099]
