[INFO] [launch]: All log files can be found below /home/saran/.ros/log/2026-09-19-00-42-01-908844-aorus-94441
[INFO] [launch]: Default logging verbosity is set to INFO
[INFO] [robot_state_publisher-1]: process started with pid [94442]
[INFO] [joint_state_publisher-2]: process started with pid [94444]
[INFO] [gzserver-3]: process started with pid [94446]
[INFO] [spawn_entity.py-4]: process started with pid [94448]
[robot_state_publisher-1] Warning: link 'laser_center_link' material 'yellow' undefined.
[robot_state_publisher-1]          at line 84 in ./urdf_parser/src/model.cpp
[robot_state_publisher-1] Warning: link 'laser_center_link' material 'yellow' undefined.
[robot_state_publisher-1]          at line 84 in ./urdf_parser/src/model.cpp
[robot_state_publisher-1] [WARN] [1789771322.872980458] [kdl_parser]: The root link base_link has an inertia specified in the URDF, but KDL does not support a root link with an inertia.  As a workaround, you can add an extra dummy link to your URDF.
[robot_state_publisher-1] [INFO] [1789771322.873043933] [robot_state_publisher]: got segment base_link
[robot_state_publisher-1] [INFO] [1789771322.873087774] [robot_state_publisher]: got segment front_left_wheel_1
[robot_state_publisher-1] [INFO] [1789771322.873091174] [robot_state_publisher]: got segment front_lidar_1
[robot_state_publisher-1] [INFO] [1789771322.873093773] [robot_state_publisher]: got segment front_right_wheel_1
[robot_state_publisher-1] [INFO] [1789771322.873096131] [robot_state_publisher]: got segment imu_link
[robot_state_publisher-1] [INFO] [1789771322.873098607] [robot_state_publisher]: got segment laser_center_link
[robot_state_publisher-1] [INFO] [1789771322.873100971] [robot_state_publisher]: got segment real_sense_1
[robot_state_publisher-1] [INFO] [1789771322.873103457] [robot_state_publisher]: got segment rear_left_wheel_1
[robot_state_publisher-1] [INFO] [1789771322.873105784] [robot_state_publisher]: got segment rear_lidar_1
[robot_state_publisher-1] [INFO] [1789771322.873108196] [robot_state_publisher]: got segment rear_right_wheel_1
[joint_state_publisher-2] [INFO] [1789771323.151232087] [joint_state_publisher]: Waiting for robot_description to be published on the robot_description topic...
[spawn_entity.py-4] [INFO] [1789771323.198378792] [spawn_entity]: Spawn Entity started
[spawn_entity.py-4] [INFO] [1789771323.198603093] [spawn_entity]: Loading entity published on topic robot_description
[spawn_entity.py-4] [INFO] [1789771323.199835407] [spawn_entity]: Waiting for entity xml on robot_description
[spawn_entity.py-4] [INFO] [1789771323.210853961] [spawn_entity]: Waiting for service /spawn_entity, timeout = 30
[spawn_entity.py-4] [INFO] [1789771323.211055484] [spawn_entity]: Waiting for service /spawn_entity
[spawn_entity.py-4] [INFO] [1789771324.215653014] [spawn_entity]: Calling service /spawn_entity
[gzserver-3] Warning: link 'laser_center_link' material 'yellow' undefined.
[gzserver-3]          at line 84 in ./urdf_parser/src/model.cpp
[gzserver-3] Warning: link 'laser_center_link' material 'yellow' undefined.
[gzserver-3]          at line 84 in ./urdf_parser/src/model.cpp
[spawn_entity.py-4] [INFO] [1789771324.596898534] [spawn_entity]: Spawn status: SpawnEntity: Successfully spawned entity [susag_updated_model]
[INFO] [spawn_entity.py-4]: process has finished cleanly [pid 94448]
[gzserver-3] [INFO] [1789771324.949746000] [susag.depth_camera_plugin]: Publishing camera info to [/susag/depth_camera/camera_info]
[gzserver-3] [INFO] [1789771324.950552919] [susag.depth_camera_plugin]: Publishing depth camera info to [/susag/depth_camera/depth/camera_info]
[gzserver-3] [INFO] [1789771324.950827178] [susag.depth_camera_plugin]: Publishing pointcloud to [/susag/depth_camera/points]
[gzserver-3] [INFO] [1789771325.023055297] [diff_drive]: Wheel pair 1 separation set to [0.740000m]
[gzserver-3] [INFO] [1789771325.023083122] [diff_drive]: Wheel pair 2 separation set to [0.740000m]
[gzserver-3] [INFO] [1789771325.023088791] [diff_drive]: Wheel pair 1 diameter set to [0.330000m]
[gzserver-3] [INFO] [1789771325.023093302] [diff_drive]: Wheel pair 2 diameter set to [0.330000m]
[gzserver-3] [INFO] [1789771325.023655277] [diff_drive]: Subscribed to [/cmd_vel]
[gzserver-3] [INFO] [1789771325.024913355] [diff_drive]: Advertise odometry on [/odom]
[gzserver-3] [INFO] [1789771325.026477183] [diff_drive]: Publishing odom transforms between [odom] and [base_link]
[gzserver-3] [INFO] [1789771325.026495113] [diff_drive]: Publishing wheel transforms between [base_link], [front_wheel_left_joint] and [front_wheel_right_joint]
[gzserver-3] [INFO] [1789771325.026502250] [diff_drive]: Publishing wheel transforms between [base_link], [rear_wheel_left_joint] and [rear_wheel_right_joint]
[WARNING] [launch]: user interrupted with ctrl-c (SIGINT)
[robot_state_publisher-1] [INFO] [1789771461.731033299] [rclcpp]: signal_handler(SIGINT/SIGTERM)
[INFO] [robot_state_publisher-1]: process has finished cleanly [pid 94442]
[INFO] [joint_state_publisher-2]: process has finished cleanly [pid 94444]
[INFO] [gzserver-3]: process has finished cleanly [pid 94446]
