[INFO] [launch]: All log files can be found below /home/saran/.ros/log/2026-09-19-00-17-13-512812-aorus-81019
[INFO] [launch]: Default logging verbosity is set to INFO
[INFO] [robot_state_publisher-1]: process started with pid [81020]
[INFO] [joint_state_publisher-2]: process started with pid [81022]
[INFO] [gzserver-3]: process started with pid [81024]
[INFO] [spawn_entity.py-4]: process started with pid [81026]
[robot_state_publisher-1] Warning: link 'laser_center_link' material 'yellow' undefined.
[robot_state_publisher-1]          at line 84 in ./urdf_parser/src/model.cpp
[robot_state_publisher-1] Warning: link 'laser_center_link' material 'yellow' undefined.
[robot_state_publisher-1]          at line 84 in ./urdf_parser/src/model.cpp
[robot_state_publisher-1] [WARN] [1789769834.625460590] [kdl_parser]: The root link base_link has an inertia specified in the URDF, but KDL does not support a root link with an inertia.  As a workaround, you can add an extra dummy link to your URDF.
[robot_state_publisher-1] [INFO] [1789769834.625526858] [robot_state_publisher]: got segment base_link
[robot_state_publisher-1] [INFO] [1789769834.625573563] [robot_state_publisher]: got segment front_left_wheel_1
[robot_state_publisher-1] [INFO] [1789769834.625577052] [robot_state_publisher]: got segment front_lidar_1
[robot_state_publisher-1] [INFO] [1789769834.625579774] [robot_state_publisher]: got segment front_right_wheel_1
[robot_state_publisher-1] [INFO] [1789769834.625582313] [robot_state_publisher]: got segment imu_link
[robot_state_publisher-1] [INFO] [1789769834.625584822] [robot_state_publisher]: got segment laser_center_link
[robot_state_publisher-1] [INFO] [1789769834.625587280] [robot_state_publisher]: got segment real_sense_1
[robot_state_publisher-1] [INFO] [1789769834.625589775] [robot_state_publisher]: got segment rear_left_wheel_1
[robot_state_publisher-1] [INFO] [1789769834.625592195] [robot_state_publisher]: got segment rear_lidar_1
[robot_state_publisher-1] [INFO] [1789769834.625594555] [robot_state_publisher]: got segment rear_right_wheel_1
[joint_state_publisher-2] [INFO] [1789769834.845122780] [joint_state_publisher]: Waiting for robot_description to be published on the robot_description topic...
[spawn_entity.py-4] [INFO] [1789769834.945140925] [spawn_entity]: Spawn Entity started
[spawn_entity.py-4] [INFO] [1789769834.945456188] [spawn_entity]: Loading entity published on topic robot_description
[spawn_entity.py-4] [INFO] [1789769834.946572557] [spawn_entity]: Waiting for entity xml on robot_description
[spawn_entity.py-4] [INFO] [1789769834.957359438] [spawn_entity]: Waiting for service /spawn_entity, timeout = 30
[spawn_entity.py-4] [INFO] [1789769834.957644609] [spawn_entity]: Waiting for service /spawn_entity
[spawn_entity.py-4] [INFO] [1789769836.215410922] [spawn_entity]: Calling service /spawn_entity
[gzserver-3] Warning: link 'laser_center_link' material 'yellow' undefined.
[gzserver-3]          at line 84 in ./urdf_parser/src/model.cpp
[gzserver-3] Warning: link 'laser_center_link' material 'yellow' undefined.
[gzserver-3]          at line 84 in ./urdf_parser/src/model.cpp
[spawn_entity.py-4] [INFO] [1789769836.659743149] [spawn_entity]: Spawn status: SpawnEntity: Successfully spawned entity [susag_updated_model]
[INFO] [spawn_entity.py-4]: process has finished cleanly [pid 81026]
[gzserver-3] [INFO] [1789769836.836212162] [susag.depth_camera_plugin]: Publishing camera info to [/susag/depth_camera/camera_info]
[gzserver-3] [INFO] [1789769836.837047958] [susag.depth_camera_plugin]: Publishing depth camera info to [/susag/depth_camera/depth/camera_info]
[gzserver-3] [INFO] [1789769836.837302913] [susag.depth_camera_plugin]: Publishing pointcloud to [/susag/depth_camera/points]
[gzserver-3] [INFO] [1789769836.891482292] [diff_drive]: Wheel pair 1 separation set to [0.740000m]
[gzserver-3] [INFO] [1789769836.891510933] [diff_drive]: Wheel pair 2 separation set to [0.740000m]
[gzserver-3] [INFO] [1789769836.891517645] [diff_drive]: Wheel pair 1 diameter set to [0.330000m]
[gzserver-3] [INFO] [1789769836.891522945] [diff_drive]: Wheel pair 2 diameter set to [0.330000m]
[gzserver-3] [INFO] [1789769836.892168862] [diff_drive]: Subscribed to [/cmd_vel]
[gzserver-3] [INFO] [1789769836.894116650] [diff_drive]: Advertise odometry on [/odom]
[gzserver-3] [INFO] [1789769836.895598324] [diff_drive]: Publishing odom transforms between [odom] and [base_link]
[gzserver-3] [INFO] [1789769836.895615730] [diff_drive]: Publishing wheel transforms between [base_link], [front_wheel_left_joint] and [front_wheel_right_joint]
[gzserver-3] [INFO] [1789769836.895621345] [diff_drive]: Publishing wheel transforms between [base_link], [rear_wheel_left_joint] and [rear_wheel_right_joint]
[WARNING] [launch]: user interrupted with ctrl-c (SIGINT)
[robot_state_publisher-1] [INFO] [1789769870.442846596] [rclcpp]: signal_handler(SIGINT/SIGTERM)
[INFO] [robot_state_publisher-1]: process has finished cleanly [pid 81020]
[INFO] [joint_state_publisher-2]: process has finished cleanly [pid 81022]
[INFO] [gzserver-3]: process has finished cleanly [pid 81024]
