[INFO] [launch]: All log files can be found below /home/saran/.ros/log/2026-09-19-00-50-24-869732-aorus-99222
[INFO] [launch]: Default logging verbosity is set to INFO
[INFO] [robot_state_publisher-1]: process started with pid [99233]
[INFO] [joint_state_publisher-2]: process started with pid [99235]
[INFO] [gzserver-3]: process started with pid [99237]
[INFO] [spawn_entity.py-4]: process started with pid [99239]
[robot_state_publisher-1] Warning: link 'laser_center_link' material 'yellow' undefined.
[robot_state_publisher-1]          at line 84 in ./urdf_parser/src/model.cpp
[robot_state_publisher-1] Warning: link 'laser_center_link' material 'yellow' undefined.
[robot_state_publisher-1]          at line 84 in ./urdf_parser/src/model.cpp
[robot_state_publisher-1] [WARN] [1789771825.876748700] [kdl_parser]: The root link base_link has an inertia specified in the URDF, but KDL does not support a root link with an inertia.  As a workaround, you can add an extra dummy link to your URDF.
[robot_state_publisher-1] [INFO] [1789771825.876823722] [robot_state_publisher]: got segment base_link
[robot_state_publisher-1] [INFO] [1789771825.876883831] [robot_state_publisher]: got segment front_left_wheel_1
[robot_state_publisher-1] [INFO] [1789771825.876888245] [robot_state_publisher]: got segment front_lidar_1
[robot_state_publisher-1] [INFO] [1789771825.876891299] [robot_state_publisher]: got segment front_right_wheel_1
[robot_state_publisher-1] [INFO] [1789771825.876894252] [robot_state_publisher]: got segment imu_link
[robot_state_publisher-1] [INFO] [1789771825.876897185] [robot_state_publisher]: got segment laser_center_link
[robot_state_publisher-1] [INFO] [1789771825.876900285] [robot_state_publisher]: got segment real_sense_1
[robot_state_publisher-1] [INFO] [1789771825.876903179] [robot_state_publisher]: got segment rear_left_wheel_1
[robot_state_publisher-1] [INFO] [1789771825.876905965] [robot_state_publisher]: got segment rear_lidar_1
[robot_state_publisher-1] [INFO] [1789771825.876908953] [robot_state_publisher]: got segment rear_right_wheel_1
[spawn_entity.py-4] [INFO] [1789771826.198419408] [spawn_entity]: Spawn Entity started
[spawn_entity.py-4] [INFO] [1789771826.198665619] [spawn_entity]: Loading entity published on topic robot_description
[joint_state_publisher-2] [INFO] [1789771826.199629251] [joint_state_publisher]: Waiting for robot_description to be published on the robot_description topic...
[spawn_entity.py-4] [INFO] [1789771826.200014844] [spawn_entity]: Waiting for entity xml on robot_description
[spawn_entity.py-4] [INFO] [1789771826.211205830] [spawn_entity]: Waiting for service /spawn_entity, timeout = 30
[spawn_entity.py-4] [INFO] [1789771826.211413569] [spawn_entity]: Waiting for service /spawn_entity
[spawn_entity.py-4] [INFO] [1789771827.215287399] [spawn_entity]: Calling service /spawn_entity
[gzserver-3] Warning: link 'laser_center_link' material 'yellow' undefined.
[gzserver-3]          at line 84 in ./urdf_parser/src/model.cpp
[gzserver-3] Warning: link 'laser_center_link' material 'yellow' undefined.
[gzserver-3]          at line 84 in ./urdf_parser/src/model.cpp
[spawn_entity.py-4] [INFO] [1789771827.592078010] [spawn_entity]: Spawn status: SpawnEntity: Successfully spawned entity [susag_updated_model]
[INFO] [spawn_entity.py-4]: process has finished cleanly [pid 99239]
[gzserver-3] [INFO] [1789771828.117805131] [susag.depth_camera_plugin]: Publishing camera info to [/susag/depth_camera/camera_info]
[gzserver-3] [INFO] [1789771828.118680507] [susag.depth_camera_plugin]: Publishing depth camera info to [/susag/depth_camera/depth/camera_info]
[gzserver-3] [INFO] [1789771828.118954465] [susag.depth_camera_plugin]: Publishing pointcloud to [/susag/depth_camera/points]
[gzserver-3] [INFO] [1789771828.227351092] [diff_drive]: Wheel pair 1 separation set to [0.740000m]
[gzserver-3] [INFO] [1789771828.227380299] [diff_drive]: Wheel pair 2 separation set to [0.740000m]
[gzserver-3] [INFO] [1789771828.227385787] [diff_drive]: Wheel pair 1 diameter set to [0.330000m]
[gzserver-3] [INFO] [1789771828.227390041] [diff_drive]: Wheel pair 2 diameter set to [0.330000m]
[gzserver-3] [INFO] [1789771828.227980555] [diff_drive]: Subscribed to [/cmd_vel]
[gzserver-3] [INFO] [1789771828.229412977] [diff_drive]: Advertise odometry on [/odom]
[gzserver-3] [INFO] [1789771828.230807302] [diff_drive]: Publishing odom transforms between [odom] and [base_link]
[gzserver-3] [INFO] [1789771828.230830542] [diff_drive]: Publishing wheel transforms between [base_link], [front_wheel_left_joint] and [front_wheel_right_joint]
[gzserver-3] [INFO] [1789771828.230835629] [diff_drive]: Publishing wheel transforms between [base_link], [rear_wheel_left_joint] and [rear_wheel_right_joint]
[gzserver-3] AL lib: (EE) ALCpulsePlayback_contextStateCallback: Received context failure!
[gzserver-3] AL lib: (EE) ALCpulsePlayback_streamStateCallback: Received stream failure!
[WARNING] [launch]: user interrupted with ctrl-c (SIGINT)
[robot_state_publisher-1] [INFO] [1789771863.756965253] [rclcpp]: signal_handler(SIGINT/SIGTERM)
[INFO] [robot_state_publisher-1]: process has finished cleanly [pid 99233]
[INFO] [joint_state_publisher-2]: process has finished cleanly [pid 99235]
[INFO] [gzserver-3]: process has finished cleanly [pid 99237]
