[INFO] [launch]: All log files can be found below /home/saran/.ros/log/2026-09-19-00-32-31-642603-aorus-89961
[INFO] [launch]: Default logging verbosity is set to INFO
[INFO] [robot_state_publisher-1]: process started with pid [89974]
[INFO] [joint_state_publisher-2]: process started with pid [89976]
[INFO] [gzserver-3]: process started with pid [89978]
[INFO] [spawn_entity.py-4]: process started with pid [89980]
[robot_state_publisher-1] Warning: link 'laser_center_link' material 'yellow' undefined.
[robot_state_publisher-1]          at line 84 in ./urdf_parser/src/model.cpp
[robot_state_publisher-1] Warning: link 'laser_center_link' material 'yellow' undefined.
[robot_state_publisher-1]          at line 84 in ./urdf_parser/src/model.cpp
[robot_state_publisher-1] [WARN] [1789770752.650177007] [kdl_parser]: The root link base_link has an inertia specified in the URDF, but KDL does not support a root link with an inertia.  As a workaround, you can add an extra dummy link to your URDF.
[robot_state_publisher-1] [INFO] [1789770752.650340003] [robot_state_publisher]: got segment base_link
[robot_state_publisher-1] [INFO] [1789770752.650495031] [robot_state_publisher]: got segment front_left_wheel_1
[robot_state_publisher-1] [INFO] [1789770752.650499543] [robot_state_publisher]: got segment front_lidar_1
[robot_state_publisher-1] [INFO] [1789770752.650502358] [robot_state_publisher]: got segment front_right_wheel_1
[robot_state_publisher-1] [INFO] [1789770752.650505142] [robot_state_publisher]: got segment imu_link
[robot_state_publisher-1] [INFO] [1789770752.650507590] [robot_state_publisher]: got segment laser_center_link
[robot_state_publisher-1] [INFO] [1789770752.650510043] [robot_state_publisher]: got segment real_sense_1
[robot_state_publisher-1] [INFO] [1789770752.650512512] [robot_state_publisher]: got segment rear_left_wheel_1
[robot_state_publisher-1] [INFO] [1789770752.650514903] [robot_state_publisher]: got segment rear_lidar_1
[robot_state_publisher-1] [INFO] [1789770752.650517374] [robot_state_publisher]: got segment rear_right_wheel_1
[joint_state_publisher-2] [INFO] [1789770752.942038095] [joint_state_publisher]: Waiting for robot_description to be published on the robot_description topic...
[spawn_entity.py-4] [INFO] [1789770752.977978422] [spawn_entity]: Spawn Entity started
[spawn_entity.py-4] [INFO] [1789770752.978223988] [spawn_entity]: Loading entity published on topic robot_description
[spawn_entity.py-4] [INFO] [1789770752.979585067] [spawn_entity]: Waiting for entity xml on robot_description
[spawn_entity.py-4] [INFO] [1789770752.991510352] [spawn_entity]: Waiting for service /spawn_entity, timeout = 30
[spawn_entity.py-4] [INFO] [1789770752.991801046] [spawn_entity]: Waiting for service /spawn_entity
[spawn_entity.py-4] [INFO] [1789770753.995974787] [spawn_entity]: Calling service /spawn_entity
[gzserver-3] Warning: link 'laser_center_link' material 'yellow' undefined.
[gzserver-3]          at line 84 in ./urdf_parser/src/model.cpp
[gzserver-3] Warning: link 'laser_center_link' material 'yellow' undefined.
[gzserver-3]          at line 84 in ./urdf_parser/src/model.cpp
[spawn_entity.py-4] [INFO] [1789770754.457448716] [spawn_entity]: Spawn status: SpawnEntity: Successfully spawned entity [susag_updated_model]
[INFO] [spawn_entity.py-4]: process has finished cleanly [pid 89980]
[gzserver-3] [INFO] [1789770754.806442663] [susag.depth_camera_plugin]: Publishing camera info to [/susag/depth_camera/camera_info]
[gzserver-3] [INFO] [1789770754.807423377] [susag.depth_camera_plugin]: Publishing depth camera info to [/susag/depth_camera/depth/camera_info]
[gzserver-3] [INFO] [1789770754.807756258] [susag.depth_camera_plugin]: Publishing pointcloud to [/susag/depth_camera/points]
[gzserver-3] [INFO] [1789770754.889668654] [diff_drive]: Wheel pair 1 separation set to [0.740000m]
[gzserver-3] [INFO] [1789770754.889700304] [diff_drive]: Wheel pair 2 separation set to [0.740000m]
[gzserver-3] [INFO] [1789770754.889709229] [diff_drive]: Wheel pair 1 diameter set to [0.330000m]
[gzserver-3] [INFO] [1789770754.889713874] [diff_drive]: Wheel pair 2 diameter set to [0.330000m]
[gzserver-3] [INFO] [1789770754.890516656] [diff_drive]: Subscribed to [/cmd_vel]
[gzserver-3] [INFO] [1789770754.892106651] [diff_drive]: Advertise odometry on [/odom]
[gzserver-3] [INFO] [1789770754.893870575] [diff_drive]: Publishing odom transforms between [odom] and [base_link]
[gzserver-3] [INFO] [1789770754.893888910] [diff_drive]: Publishing wheel transforms between [base_link], [front_wheel_left_joint] and [front_wheel_right_joint]
[gzserver-3] [INFO] [1789770754.893894613] [diff_drive]: Publishing wheel transforms between [base_link], [rear_wheel_left_joint] and [rear_wheel_right_joint]
[WARNING] [launch]: user interrupted with ctrl-c (SIGINT)
[robot_state_publisher-1] [INFO] [1789770891.669766342] [rclcpp]: signal_handler(SIGINT/SIGTERM)
[INFO] [robot_state_publisher-1]: process has finished cleanly [pid 89974]
[INFO] [joint_state_publisher-2]: process has finished cleanly [pid 89976]
[INFO] [gzserver-3]: process has finished cleanly [pid 89978]
