[INFO] [launch]: All log files can be found below /home/saran/.ros/log/2026-09-19-00-46-47-656055-aorus-96319
[INFO] [launch]: Default logging verbosity is set to INFO
[INFO] [robot_state_publisher-1]: process started with pid [96322]
[INFO] [joint_state_publisher-2]: process started with pid [96324]
[INFO] [gzserver-3]: process started with pid [96326]
[INFO] [spawn_entity.py-4]: process started with pid [96328]
[robot_state_publisher-1] Warning: link 'laser_center_link' material 'yellow' undefined.
[robot_state_publisher-1]          at line 84 in ./urdf_parser/src/model.cpp
[robot_state_publisher-1] Warning: link 'laser_center_link' material 'yellow' undefined.
[robot_state_publisher-1]          at line 84 in ./urdf_parser/src/model.cpp
[robot_state_publisher-1] [WARN] [1789771608.608202356] [kdl_parser]: The root link base_link has an inertia specified in the URDF, but KDL does not support a root link with an inertia.  As a workaround, you can add an extra dummy link to your URDF.
[robot_state_publisher-1] [INFO] [1789771608.608265791] [robot_state_publisher]: got segment base_link
[robot_state_publisher-1] [INFO] [1789771608.608317120] [robot_state_publisher]: got segment front_left_wheel_1
[robot_state_publisher-1] [INFO] [1789771608.608320956] [robot_state_publisher]: got segment front_lidar_1
[robot_state_publisher-1] [INFO] [1789771608.608323692] [robot_state_publisher]: got segment front_right_wheel_1
[robot_state_publisher-1] [INFO] [1789771608.608326374] [robot_state_publisher]: got segment imu_link
[robot_state_publisher-1] [INFO] [1789771608.608328976] [robot_state_publisher]: got segment laser_center_link
[robot_state_publisher-1] [INFO] [1789771608.608331474] [robot_state_publisher]: got segment real_sense_1
[robot_state_publisher-1] [INFO] [1789771608.608334048] [robot_state_publisher]: got segment rear_left_wheel_1
[robot_state_publisher-1] [INFO] [1789771608.608336561] [robot_state_publisher]: got segment rear_lidar_1
[robot_state_publisher-1] [INFO] [1789771608.608339056] [robot_state_publisher]: got segment rear_right_wheel_1
[joint_state_publisher-2] [INFO] [1789771608.857014834] [joint_state_publisher]: Waiting for robot_description to be published on the robot_description topic...
[spawn_entity.py-4] [INFO] [1789771608.908765648] [spawn_entity]: Spawn Entity started
[spawn_entity.py-4] [INFO] [1789771608.908984502] [spawn_entity]: Loading entity published on topic robot_description
[spawn_entity.py-4] [INFO] [1789771608.910163548] [spawn_entity]: Waiting for entity xml on robot_description
[spawn_entity.py-4] [INFO] [1789771608.921375710] [spawn_entity]: Waiting for service /spawn_entity, timeout = 30
[spawn_entity.py-4] [INFO] [1789771608.921594036] [spawn_entity]: Waiting for service /spawn_entity
[spawn_entity.py-4] [INFO] [1789771609.926157814] [spawn_entity]: Calling service /spawn_entity
[gzserver-3] Warning: link 'laser_center_link' material 'yellow' undefined.
[gzserver-3]          at line 84 in ./urdf_parser/src/model.cpp
[gzserver-3] Warning: link 'laser_center_link' material 'yellow' undefined.
[gzserver-3]          at line 84 in ./urdf_parser/src/model.cpp
[spawn_entity.py-4] [INFO] [1789771610.315115662] [spawn_entity]: Spawn status: SpawnEntity: Successfully spawned entity [susag_updated_model]
[INFO] [spawn_entity.py-4]: process has finished cleanly [pid 96328]
[gzserver-3] [INFO] [1789771610.647767412] [susag.depth_camera_plugin]: Publishing camera info to [/susag/depth_camera/camera_info]
[gzserver-3] [INFO] [1789771610.648629967] [susag.depth_camera_plugin]: Publishing depth camera info to [/susag/depth_camera/depth/camera_info]
[gzserver-3] [INFO] [1789771610.648904470] [susag.depth_camera_plugin]: Publishing pointcloud to [/susag/depth_camera/points]
[gzserver-3] [INFO] [1789771610.742035722] [diff_drive]: Wheel pair 1 separation set to [0.740000m]
[gzserver-3] [INFO] [1789771610.742066541] [diff_drive]: Wheel pair 2 separation set to [0.740000m]
[gzserver-3] [INFO] [1789771610.742072333] [diff_drive]: Wheel pair 1 diameter set to [0.330000m]
[gzserver-3] [INFO] [1789771610.742076943] [diff_drive]: Wheel pair 2 diameter set to [0.330000m]
[gzserver-3] [INFO] [1789771610.742866183] [diff_drive]: Subscribed to [/cmd_vel]
[gzserver-3] [INFO] [1789771610.744213618] [diff_drive]: Advertise odometry on [/odom]
[gzserver-3] [INFO] [1789771610.745593585] [diff_drive]: Publishing odom transforms between [odom] and [base_link]
[gzserver-3] [INFO] [1789771610.745608618] [diff_drive]: Publishing wheel transforms between [base_link], [front_wheel_left_joint] and [front_wheel_right_joint]
[gzserver-3] [INFO] [1789771610.745613813] [diff_drive]: Publishing wheel transforms between [base_link], [rear_wheel_left_joint] and [rear_wheel_right_joint]
[WARNING] [launch]: user interrupted with ctrl-c (SIGINT)
[robot_state_publisher-1] [INFO] [1789771646.497096035] [rclcpp]: signal_handler(SIGINT/SIGTERM)
[INFO] [robot_state_publisher-1]: process has finished cleanly [pid 96322]
[INFO] [joint_state_publisher-2]: process has finished cleanly [pid 96324]
[ERROR] [gzserver-3]: process[gzserver-3] failed to terminate '5' seconds after receiving 'SIGINT', escalating to 'SIGTERM'
[INFO] [gzserver-3]: sending signal 'SIGTERM' to process[gzserver-3]
[gzserver-3] [INFO] [1789771651.506037808] [rclcpp]: signal_handler(SIGINT/SIGTERM)
[ERROR] [gzserver-3]: process[gzserver-3] failed to terminate '10.0' seconds after receiving 'SIGTERM', escalating to 'SIGKILL'
[INFO] [gzserver-3]: sending signal 'SIGKILL' to process[gzserver-3]
[ERROR] [gzserver-3]: process has died [pid 96326, exit code -9, cmd 'gzserver /home/saran/robohouse_ws/src/BARN_dataset/scaled_1/world_files/world_20.world -slibgazebo_ros_init.so -slibgazebo_ros_factory.so -slibgazebo_ros_force_system.so'].
