[INFO] [launch]: All log files can be found below /home/saran/.ros/log/2026-09-19-00-17-53-669501-aorus-81523
[INFO] [launch]: Default logging verbosity is set to INFO
[INFO] [robot_state_publisher-1]: process started with pid [81524]
[INFO] [joint_state_publisher-2]: process started with pid [81526]
[INFO] [gzserver-3]: process started with pid [81528]
[INFO] [spawn_entity.py-4]: process started with pid [81530]
[robot_state_publisher-1] Warning: link 'laser_center_link' material 'yellow' undefined.
[robot_state_publisher-1]          at line 84 in ./urdf_parser/src/model.cpp
[robot_state_publisher-1] Warning: link 'laser_center_link' material 'yellow' undefined.
[robot_state_publisher-1]          at line 84 in ./urdf_parser/src/model.cpp
[robot_state_publisher-1] [WARN] [1789769874.633984816] [kdl_parser]: The root link base_link has an inertia specified in the URDF, but KDL does not support a root link with an inertia.  As a workaround, you can add an extra dummy link to your URDF.
[robot_state_publisher-1] [INFO] [1789769874.634048206] [robot_state_publisher]: got segment base_link
[robot_state_publisher-1] [INFO] [1789769874.634093479] [robot_state_publisher]: got segment front_left_wheel_1
[robot_state_publisher-1] [INFO] [1789769874.634097288] [robot_state_publisher]: got segment front_lidar_1
[robot_state_publisher-1] [INFO] [1789769874.634100203] [robot_state_publisher]: got segment front_right_wheel_1
[robot_state_publisher-1] [INFO] [1789769874.634102888] [robot_state_publisher]: got segment imu_link
[robot_state_publisher-1] [INFO] [1789769874.634105639] [robot_state_publisher]: got segment laser_center_link
[robot_state_publisher-1] [INFO] [1789769874.634108287] [robot_state_publisher]: got segment real_sense_1
[robot_state_publisher-1] [INFO] [1789769874.634111007] [robot_state_publisher]: got segment rear_left_wheel_1
[robot_state_publisher-1] [INFO] [1789769874.634113386] [robot_state_publisher]: got segment rear_lidar_1
[robot_state_publisher-1] [INFO] [1789769874.634115887] [robot_state_publisher]: got segment rear_right_wheel_1
[joint_state_publisher-2] [INFO] [1789769874.867775481] [joint_state_publisher]: Waiting for robot_description to be published on the robot_description topic...
[spawn_entity.py-4] [INFO] [1789769874.884936187] [spawn_entity]: Spawn Entity started
[spawn_entity.py-4] [INFO] [1789769874.885245806] [spawn_entity]: Loading entity published on topic robot_description
[spawn_entity.py-4] [INFO] [1789769874.886404703] [spawn_entity]: Waiting for entity xml on robot_description
[spawn_entity.py-4] [INFO] [1789769874.897456835] [spawn_entity]: Waiting for service /spawn_entity, timeout = 30
[spawn_entity.py-4] [INFO] [1789769874.897788573] [spawn_entity]: Waiting for service /spawn_entity
[spawn_entity.py-4] [INFO] [1789769875.902730456] [spawn_entity]: Calling service /spawn_entity
[gzserver-3] Warning: link 'laser_center_link' material 'yellow' undefined.
[gzserver-3]          at line 84 in ./urdf_parser/src/model.cpp
[gzserver-3] Warning: link 'laser_center_link' material 'yellow' undefined.
[gzserver-3]          at line 84 in ./urdf_parser/src/model.cpp
[spawn_entity.py-4] [INFO] [1789769876.240940013] [spawn_entity]: Spawn status: SpawnEntity: Successfully spawned entity [susag_updated_model]
[INFO] [spawn_entity.py-4]: process has finished cleanly [pid 81530]
[gzserver-3] [INFO] [1789769876.760409688] [susag.depth_camera_plugin]: Publishing camera info to [/susag/depth_camera/camera_info]
[gzserver-3] [INFO] [1789769876.761437865] [susag.depth_camera_plugin]: Publishing depth camera info to [/susag/depth_camera/depth/camera_info]
[gzserver-3] [INFO] [1789769876.761792701] [susag.depth_camera_plugin]: Publishing pointcloud to [/susag/depth_camera/points]
[gzserver-3] [INFO] [1789769876.776337594] [diff_drive]: Wheel pair 1 separation set to [0.740000m]
[gzserver-3] [INFO] [1789769876.776362387] [diff_drive]: Wheel pair 2 separation set to [0.740000m]
[gzserver-3] [INFO] [1789769876.776368178] [diff_drive]: Wheel pair 1 diameter set to [0.330000m]
[gzserver-3] [INFO] [1789769876.776372799] [diff_drive]: Wheel pair 2 diameter set to [0.330000m]
[gzserver-3] [INFO] [1789769876.776965133] [diff_drive]: Subscribed to [/cmd_vel]
[gzserver-3] [INFO] [1789769876.778268532] [diff_drive]: Advertise odometry on [/odom]
[gzserver-3] [INFO] [1789769876.779695420] [diff_drive]: Publishing odom transforms between [odom] and [base_link]
[gzserver-3] [INFO] [1789769876.779713658] [diff_drive]: Publishing wheel transforms between [base_link], [front_wheel_left_joint] and [front_wheel_right_joint]
[gzserver-3] [INFO] [1789769876.779719389] [diff_drive]: Publishing wheel transforms between [base_link], [rear_wheel_left_joint] and [rear_wheel_right_joint]
[WARNING] [launch]: user interrupted with ctrl-c (SIGINT)
[robot_state_publisher-1] [INFO] [1789769930.328996782] [rclcpp]: signal_handler(SIGINT/SIGTERM)
[INFO] [robot_state_publisher-1]: process has finished cleanly [pid 81524]
[INFO] [joint_state_publisher-2]: process has finished cleanly [pid 81526]
[INFO] [gzserver-3]: process has finished cleanly [pid 81528]
