[INFO] [launch]: All log files can be found below /home/saran/.ros/log/2026-09-19-00-26-22-899374-aorus-86802
[INFO] [launch]: Default logging verbosity is set to INFO
[INFO] [robot_state_publisher-1]: process started with pid [86803]
[INFO] [joint_state_publisher-2]: process started with pid [86805]
[INFO] [gzserver-3]: process started with pid [86807]
[INFO] [spawn_entity.py-4]: process started with pid [86809]
[robot_state_publisher-1] Warning: link 'laser_center_link' material 'yellow' undefined.
[robot_state_publisher-1]          at line 84 in ./urdf_parser/src/model.cpp
[robot_state_publisher-1] Warning: link 'laser_center_link' material 'yellow' undefined.
[robot_state_publisher-1]          at line 84 in ./urdf_parser/src/model.cpp
[robot_state_publisher-1] [WARN] [1789770383.869217410] [kdl_parser]: The root link base_link has an inertia specified in the URDF, but KDL does not support a root link with an inertia.  As a workaround, you can add an extra dummy link to your URDF.
[robot_state_publisher-1] [INFO] [1789770383.869284131] [robot_state_publisher]: got segment base_link
[robot_state_publisher-1] [INFO] [1789770383.869334886] [robot_state_publisher]: got segment front_left_wheel_1
[robot_state_publisher-1] [INFO] [1789770383.869338514] [robot_state_publisher]: got segment front_lidar_1
[robot_state_publisher-1] [INFO] [1789770383.869341142] [robot_state_publisher]: got segment front_right_wheel_1
[robot_state_publisher-1] [INFO] [1789770383.869343645] [robot_state_publisher]: got segment imu_link
[robot_state_publisher-1] [INFO] [1789770383.869346214] [robot_state_publisher]: got segment laser_center_link
[robot_state_publisher-1] [INFO] [1789770383.869348633] [robot_state_publisher]: got segment real_sense_1
[robot_state_publisher-1] [INFO] [1789770383.869351070] [robot_state_publisher]: got segment rear_left_wheel_1
[robot_state_publisher-1] [INFO] [1789770383.869353408] [robot_state_publisher]: got segment rear_lidar_1
[robot_state_publisher-1] [INFO] [1789770383.869355729] [robot_state_publisher]: got segment rear_right_wheel_1
[joint_state_publisher-2] [INFO] [1789770384.089122368] [joint_state_publisher]: Waiting for robot_description to be published on the robot_description topic...
[spawn_entity.py-4] [INFO] [1789770384.126999965] [spawn_entity]: Spawn Entity started
[spawn_entity.py-4] [INFO] [1789770384.127197256] [spawn_entity]: Loading entity published on topic robot_description
[spawn_entity.py-4] [INFO] [1789770384.128205001] [spawn_entity]: Waiting for entity xml on robot_description
[spawn_entity.py-4] [INFO] [1789770384.139267882] [spawn_entity]: Waiting for service /spawn_entity, timeout = 30
[spawn_entity.py-4] [INFO] [1789770384.139447804] [spawn_entity]: Waiting for service /spawn_entity
[spawn_entity.py-4] [INFO] [1789770385.142870512] [spawn_entity]: Calling service /spawn_entity
[gzserver-3] Warning: link 'laser_center_link' material 'yellow' undefined.
[gzserver-3]          at line 84 in ./urdf_parser/src/model.cpp
[gzserver-3] Warning: link 'laser_center_link' material 'yellow' undefined.
[gzserver-3]          at line 84 in ./urdf_parser/src/model.cpp
[spawn_entity.py-4] [INFO] [1789770385.635076592] [spawn_entity]: Spawn status: SpawnEntity: Successfully spawned entity [susag_updated_model]
[INFO] [spawn_entity.py-4]: process has finished cleanly [pid 86809]
[gzserver-3] [INFO] [1789770385.984272165] [susag.depth_camera_plugin]: Publishing camera info to [/susag/depth_camera/camera_info]
[gzserver-3] [INFO] [1789770385.985124721] [susag.depth_camera_plugin]: Publishing depth camera info to [/susag/depth_camera/depth/camera_info]
[gzserver-3] [INFO] [1789770385.985393542] [susag.depth_camera_plugin]: Publishing pointcloud to [/susag/depth_camera/points]
[gzserver-3] [INFO] [1789770386.065067905] [diff_drive]: Wheel pair 1 separation set to [0.740000m]
[gzserver-3] [INFO] [1789770386.065096272] [diff_drive]: Wheel pair 2 separation set to [0.740000m]
[gzserver-3] [INFO] [1789770386.065102034] [diff_drive]: Wheel pair 1 diameter set to [0.330000m]
[gzserver-3] [INFO] [1789770386.065106335] [diff_drive]: Wheel pair 2 diameter set to [0.330000m]
[gzserver-3] [INFO] [1789770386.065685910] [diff_drive]: Subscribed to [/cmd_vel]
[gzserver-3] [INFO] [1789770386.066922708] [diff_drive]: Advertise odometry on [/odom]
[gzserver-3] [INFO] [1789770386.068276616] [diff_drive]: Publishing odom transforms between [odom] and [base_link]
[gzserver-3] [INFO] [1789770386.068292404] [diff_drive]: Publishing wheel transforms between [base_link], [front_wheel_left_joint] and [front_wheel_right_joint]
[gzserver-3] [INFO] [1789770386.068297107] [diff_drive]: Publishing wheel transforms between [base_link], [rear_wheel_left_joint] and [rear_wheel_right_joint]
[WARNING] [launch]: user interrupted with ctrl-c (SIGINT)
[robot_state_publisher-1] [INFO] [1789770419.510805541] [rclcpp]: signal_handler(SIGINT/SIGTERM)
[INFO] [robot_state_publisher-1]: process has finished cleanly [pid 86803]
[INFO] [joint_state_publisher-2]: process has finished cleanly [pid 86805]
[INFO] [gzserver-3]: process has finished cleanly [pid 86807]
